// Jest Snapshot v1, https://goo.gl/fbAQLP

exports[`<GymPage /> should render correctly when editor. 1`] = `
<StaticRouter
  location="https://lukeshay.com//gyms/gym1"
>
  <GymsStoreMock
    dispatch={[Function]}
    state={
      Object {
        "page": Object {
          "content": Array [
            Object {
              "address": "1234 Five Street",
              "authorizedEditors": Array [
                "id",
              ],
              "city": "Ames",
              "email": "abc@d.com",
              "id": "gym1",
              "logoUrl": "",
              "name": "Gym One",
              "phoneNumber": "1234567890",
              "photoUrl": "",
              "state": "Iowa",
              "walls": Array [
                Object {
                  "gymId": "gym1",
                  "id": "wall1",
                  "name": "Wall1",
                  "routes": Array [
                    Object {
                      "averageGrade": "GRADE_5_9",
                      "averageRating": 4,
                      "gymId": "gym1",
                      "holdColor": "Blue",
                      "id": "route1",
                      "name": "RouteOne",
                      "setter": "Luke",
                      "types": Array [
                        "TOP_ROPE",
                        "LEAD",
                      ],
                      "wallId": "wall1",
                    },
                    Object {
                      "averageGrade": "GRADE_5_12ab",
                      "averageRating": 4,
                      "gymId": "gym1",
                      "holdColor": "Blue",
                      "id": "route2",
                      "name": "RouteTwo",
                      "setter": "Luke",
                      "types": Array [
                        "TOP_ROPE",
                        "LEAD",
                      ],
                      "wallId": "wall1",
                    },
                  ],
                  "types": Array [
                    "LEAD",
                    "TOP_ROPE",
                  ],
                },
                Object {
                  "gymId": "gym1",
                  "id": "wall2",
                  "name": "Wall1",
                  "routes": Array [],
                  "types": Array [
                    "LEAD",
                    "TOP_ROPE",
                  ],
                },
              ],
              "website": "lukeshay.com",
              "zipCode": "50014",
            },
            Object {
              "address": "1234 Five Street",
              "authorizedEditors": Array [
                "id",
              ],
              "city": "Ames",
              "email": "abc@d.com",
              "id": "gym2",
              "logoUrl": "",
              "name": "Gym Two",
              "phoneNumber": "1234567890",
              "photoUrl": "",
              "state": "Iowa",
              "walls": Array [
                Object {
                  "gymId": "gym1",
                  "id": "wall1",
                  "name": "Wall1",
                  "routes": Array [
                    Object {
                      "averageGrade": "GRADE_5_9",
                      "averageRating": 4,
                      "gymId": "gym1",
                      "holdColor": "Blue",
                      "id": "route1",
                      "name": "RouteOne",
                      "setter": "Luke",
                      "types": Array [
                        "TOP_ROPE",
                        "LEAD",
                      ],
                      "wallId": "wall1",
                    },
                    Object {
                      "averageGrade": "GRADE_5_12ab",
                      "averageRating": 4,
                      "gymId": "gym1",
                      "holdColor": "Blue",
                      "id": "route2",
                      "name": "RouteTwo",
                      "setter": "Luke",
                      "types": Array [
                        "TOP_ROPE",
                        "LEAD",
                      ],
                      "wallId": "wall1",
                    },
                  ],
                  "types": Array [
                    "LEAD",
                    "TOP_ROPE",
                  ],
                },
                Object {
                  "gymId": "gym1",
                  "id": "wall2",
                  "name": "Wall1",
                  "routes": Array [],
                  "types": Array [
                    "LEAD",
                    "TOP_ROPE",
                  ],
                },
              ],
              "website": "lukeshay.com",
              "zipCode": "50014",
            },
          ],
        },
      }
    }
  >
    <ViewStoreMock
      dispatch={[Function]}
      state={
        Object {
          "mobile": false,
          "theme": "DARK_THEME",
        }
      }
    >
      <UserStoreMock
        dispatch={[Function]}
        state={
          Object {
            "user": Object {
              "authority": "ADMIN",
              "city": "Ames",
              "country": "USA",
              "email": "email",
              "firstName": "Name",
              "id": "id",
              "lastName": "Last",
              "password": "password",
              "phoneNumber": "1111111111",
              "role": "ADMIN_ROLE",
              "session": null,
              "state": "IA",
              "username": "username",
            },
          }
        }
      >
        <Memo(GymPage) />
      </UserStoreMock>
    </ViewStoreMock>
  </GymsStoreMock>
</StaticRouter>
`;
